python : C:\Users\USUARIO\Documents\GitHub\appGrabacionAudio\backend\Opportunit
iesManager.py:8: FutureWarning: 
En línea: 1 Carácter: 1
+ python test_opportunities.py > test_output.txt 2>&1 ; type test_outpu ...
+ ~~~~~~~~~~~~~~~~~~~~~~~~~~~~~~~~~~~~~~~~~~~~~~~~~~~
    + CategoryInfo          : NotSpecified: (C:\Users\USUARI...FutureWarning:  
   :String) [], RemoteException
    + FullyQualifiedErrorId : NativeCommandError
 

All support for the `google.generativeai` package has ended. It will no longer 
be receiving 
updates or bug fixes. Please switch to the `google.genai` package as soon as 
possible.
See README for more details:

https://github.com/google-gemini/deprecated-generative-ai-python/blob/main/READ
ME.md

  import google.generativeai as genai
================================================================================
TEST: Anßlisis de Oportunidades con IA (MODO GEMINI DIRECTO)
================================================================================
Traceback (most recent call last):
  File 
"C:\Users\USUARIO\Documents\GitHub\appGrabacionAudio\test_opportunities.py", 
line 111, in main
    num_opps, opps_list = test_gemini_analysis()
                          ~~~~~~~~~~~~~~~~~~~~^^
  File 
"C:\Users\USUARIO\Documents\GitHub\appGrabacionAudio\test_opportunities.py", 
line 75, in test_gemini_analysis
    print("\n\U0001f4e1 RESPUESTA GEMINI (raw):")
    ~~~~~^^^^^^^^^^^^^^^^^^^^^^^^^^^^^^^^
  File "C:\Python314\Lib\encodings\cp1252.py", line 19, in encode
    return codecs.charmap_encode(input,self.errors,encoding_table)[0]
           ~~~~~~~~~~~~~~~~~~~~~^^^^^^^^^^^^^^^^^^^^^^^^^^^^^^^^^^
UnicodeEncodeError: 'charmap' codec can't encode character '\U0001f4e1' in 
position 2: character maps to <undefined>

During handling of the above exception, another exception occurred:

Traceback (most recent call last):
  File 
"C:\Users\USUARIO\Documents\GitHub\appGrabacionAudio\test_opportunities.py", 
line 122, in <module>
    main()
    ~~~~^^
  File 
"C:\Users\USUARIO\Documents\GitHub\appGrabacionAudio\test_opportunities.py", 
line 117, in main
    print(f"\n\u274c ERROR: {type(e).__name__} - {str(e)}")
    ~~~~~^^^^^^^^^^^^^^^^^^^^^^^^^^^^^^^^^^^^^^^^^^^^^^
  File "C:\Python314\Lib\encodings\cp1252.py", line 19, in encode
    return codecs.charmap_encode(input,self.errors,encoding_table)[0]
           ~~~~~~~~~~~~~~~~~~~~~^^^^^^^^^^^^^^^^^^^^^^^^^^^^^^^^^^
UnicodeEncodeError: 'charmap' codec can't encode character '\u274c' in 
position 2: character maps to <undefined>
